// Vitest Snapshot v1, https://vitest.dev/guide/snapshot.html

exports[`InvitationBody > matches its approved markup 1`] = `"<article class="invitation"><p class="invitation__couple">Ana y Bruno</p><h1 class="invitation__greeting">Ñoño, Aurelia y Tomás</h1><p class="invitation__lead">Nos alegra mucho invitarlos a celebrar nuestro matrimonio.</p><dl class="invitation__details"><dt>Fecha</dt><dd>sábado 14 de noviembre de 2026</dd><dt>Lugar</dt><dd>Hacienda La Ñapa</dd><dt>Dirección</dt><dd>Calle 12 #34-56, Barrio Centro</dd></dl><section class="invitation__household"><ul><li>Ñoño Muñóz</li><li>Aurelia Muñóz</li><li>Tomás Muñóz (niño o niña)</li></ul></section><p class="invitation__deadline">Confirmen su asistencia antes del 21 de noviembre de 2026.</p></article>"`;

exports[`InvitationBody's RSVP slot > renders exactly as before when the route supplies nothing 1`] = `"<article class="invitation"><p class="invitation__couple">Ana y Bruno</p><h1 class="invitation__greeting">Ñoño, Aurelia y Tomás</h1><p class="invitation__lead">Nos alegra mucho invitarlos a celebrar nuestro matrimonio.</p><dl class="invitation__details"><dt>Fecha</dt><dd>sábado 14 de noviembre de 2026</dd><dt>Lugar</dt><dd>Hacienda La Ñapa</dd><dt>Dirección</dt><dd>Calle 12 #34-56, Barrio Centro</dd></dl><section class="invitation__household"><ul><li>Ñoño Muñóz</li><li>Aurelia Muñóz</li><li>Tomás Muñóz (niño o niña)</li></ul></section><p class="invitation__deadline">Confirmen su asistencia antes del 21 de noviembre de 2026.</p></article>"`;
